Archive member included to satisfy reference by file (symbol)

c:/st/stm32cubeide_1.10.1/stm32cubeide/plugins/com.st.stm32cube.ide.mcu.externaltools.gnu-tools-for-stm32.10.3-2021.10.win32_1.0.0.202111181127/tools/bin/../lib/gcc/arm-none-eabi/10.3.1/../../../../arm-none-eabi/lib/thumb/v7e-m+fp/hard\libc_nano.a(lib_a-errno.o)
                              ./Core/Src/syscalls.o (__errno)
c:/st/stm32cubeide_1.10.1/stm32cubeide/plugins/com.st.stm32cube.ide.mcu.externaltools.gnu-tools-for-stm32.10.3-2021.10.win32_1.0.0.202111181127/tools/bin/../lib/gcc/arm-none-eabi/10.3.1/../../../../arm-none-eabi/lib/thumb/v7e-m+fp/hard\libc_nano.a(lib_a-exit.o)
                              c:/st/stm32cubeide_1.10.1/stm32cubeide/plugins/com.st.stm32cube.ide.mcu.externaltools.gnu-tools-for-stm32.10.3-2021.10.win32_1.0.0.202111181127/tools/bin/../lib/gcc/arm-none-eabi/10.3.1/../../../../arm-none-eabi/lib/thumb/v7e-m+fp/hard/crt0.o (exit)
c:/st/stm32cubeide_1.10.1/stm32cubeide/plugins/com.st.stm32cube.ide.mcu.externaltools.gnu-tools-for-stm32.10.3-2021.10.win32_1.0.0.202111181127/tools/bin/../lib/gcc/arm-none-eabi/10.3.1/../../../../arm-none-eabi/lib/thumb/v7e-m+fp/hard\libc_nano.a(lib_a-impure.o)
                              c:/st/stm32cubeide_1.10.1/stm32cubeide/plugins/com.st.stm32cube.ide.mcu.externaltools.gnu-tools-for-stm32.10.3-2021.10.win32_1.0.0.202111181127/tools/bin/../lib/gcc/arm-none-eabi/10.3.1/../../../../arm-none-eabi/lib/thumb/v7e-m+fp/hard\libc_nano.a(lib_a-exit.o) (_global_impure_ptr)
c:/st/stm32cubeide_1.10.1/stm32cubeide/plugins/com.st.stm32cube.ide.mcu.externaltools.gnu-tools-for-stm32.10.3-2021.10.win32_1.0.0.202111181127/tools/bin/../lib/gcc/arm-none-eabi/10.3.1/../../../../arm-none-eabi/lib/thumb/v7e-m+fp/hard\libc_nano.a(lib_a-init.o)
                              c:/st/stm32cubeide_1.10.1/stm32cubeide/plugins/com.st.stm32cube.ide.mcu.externaltools.gnu-tools-for-stm32.10.3-2021.10.win32_1.0.0.202111181127/tools/bin/../lib/gcc/arm-none-eabi/10.3.1/../../../../arm-none-eabi/lib/thumb/v7e-m+fp/hard/crt0.o (__libc_init_array)
c:/st/stm32cubeide_1.10.1/stm32cubeide/plugins/com.st.stm32cube.ide.mcu.externaltools.gnu-tools-for-stm32.10.3-2021.10.win32_1.0.0.202111181127/tools/bin/../lib/gcc/arm-none-eabi/10.3.1/../../../../arm-none-eabi/lib/thumb/v7e-m+fp/hard\libc_nano.a(lib_a-memset.o)
                              c:/st/stm32cubeide_1.10.1/stm32cubeide/plugins/com.st.stm32cube.ide.mcu.externaltools.gnu-tools-for-stm32.10.3-2021.10.win32_1.0.0.202111181127/tools/bin/../lib/gcc/arm-none-eabi/10.3.1/../../../../arm-none-eabi/lib/thumb/v7e-m+fp/hard/crt0.o (memset)

Discarded input sections

 .text          0x0000000000000000        0x0 c:/st/stm32cubeide_1.10.1/stm32cubeide/plugins/com.st.stm32cube.ide.mcu.externaltools.gnu-tools-for-stm32.10.3-2021.10.win32_1.0.0.202111181127/tools/bin/../lib/gcc/arm-none-eabi/10.3.1/thumb/v7e-m+fp/hard/crti.o
 .data          0x0000000000000000        0x0 c:/st/stm32cubeide_1.10.1/stm32cubeide/plugins/com.st.stm32cube.ide.mcu.externaltools.gnu-tools-for-stm32.10.3-2021.10.win32_1.0.0.202111181127/tools/bin/../lib/gcc/arm-none-eabi/10.3.1/thumb/v7e-m+fp/hard/crti.o
 .bss           0x0000000000000000        0x0 c:/st/stm32cubeide_1.10.1/stm32cubeide/plugins/com.st.stm32cube.ide.mcu.externaltools.gnu-tools-for-stm32.10.3-2021.10.win32_1.0.0.202111181127/tools/bin/../lib/gcc/arm-none-eabi/10.3.1/thumb/v7e-m+fp/hard/crti.o
 .data          0x0000000000000000        0x4 c:/st/stm32cubeide_1.10.1/stm32cubeide/plugins/com.st.stm32cube.ide.mcu.externaltools.gnu-tools-for-stm32.10.3-2021.10.win32_1.0.0.202111181127/tools/bin/../lib/gcc/arm-none-eabi/10.3.1/thumb/v7e-m+fp/hard/crtbegin.o
 .rodata        0x0000000000000000       0x24 c:/st/stm32cubeide_1.10.1/stm32cubeide/plugins/com.st.stm32cube.ide.mcu.externaltools.gnu-tools-for-stm32.10.3-2021.10.win32_1.0.0.202111181127/tools/bin/../lib/gcc/arm-none-eabi/10.3.1/thumb/v7e-m+fp/hard/crtbegin.o
 .text          0x0000000000000000       0x7c c:/st/stm32cubeide_1.10.1/stm32cubeide/plugins/com.st.stm32cube.ide.mcu.externaltools.gnu-tools-for-stm32.10.3-2021.10.win32_1.0.0.202111181127/tools/bin/../lib/gcc/arm-none-eabi/10.3.1/../../../../arm-none-eabi/lib/thumb/v7e-m+fp/hard/crt0.o
 .data          0x0000000000000000        0x0 c:/st/stm32cubeide_1.10.1/stm32cubeide/plugins/com.st.stm32cube.ide.mcu.externaltools.gnu-tools-for-stm32.10.3-2021.10.win32_1.0.0.202111181127/tools/bin/../lib/gcc/arm-none-eabi/10.3.1/../../../../arm-none-eabi/lib/thumb/v7e-m+fp/hard/crt0.o
 .bss           0x0000000000000000        0x0 c:/st/stm32cubeide_1.10.1/stm32cubeide/plugins/com.st.stm32cube.ide.mcu.externaltools.gnu-tools-for-stm32.10.3-2021.10.win32_1.0.0.202111181127/tools/bin/../lib/gcc/arm-none-eabi/10.3.1/../../../../arm-none-eabi/lib/thumb/v7e-m+fp/hard/crt0.o
[...]
Memory Configuration

Name             Origin             Length             Attributes
CCMRAM           0x0000000010000000 0x0000000000004000 xrw
RAM              0x0000000020000000 0x0000000000010000 xrw
FLASH            0x0000000008000000 0x0000000000080000 xr
*default*        0x0000000000000000 0xffffffffffffffff

Linker script and memory map

LOAD c:/st/stm32cubeide_1.10.1/stm32cubeide/plugins/com.st.stm32cube.ide.mcu.externaltools.gnu-tools-for-stm32.10.3-2021.10.win32_1.0.0.202111181127/tools/bin/../lib/gcc/arm-none-eabi/10.3.1/thumb/v7e-m+fp/hard/crti.o
LOAD c:/st/stm32cubeide_1.10.1/stm32cubeide/plugins/com.st.stm32cube.ide.mcu.externaltools.gnu-tools-for-stm32.10.3-2021.10.win32_1.0.0.202111181127/tools/bin/../lib/gcc/arm-none-eabi/10.3.1/thumb/v7e-m+fp/hard/crtbegin.o
LOAD c:/st/stm32cubeide_1.10.1/stm32cubeide/plugins/com.st.stm32cube.ide.mcu.externaltools.gnu-tools-for-stm32.10.3-2021.10.win32_1.0.0.202111181127/tools/bin/../lib/gcc/arm-none-eabi/10.3.1/../../../../arm-none-eabi/lib/thumb/v7e-m+fp/hard/crt0.o
LOAD ./Core/Src/main.o
LOAD ./Core/Src/stm32f3xx_hal_msp.o
LOAD ./Core/Src/stm32f3xx_it.o
LOAD ./Core/Src/syscalls.o
LOAD ./Core/Src/sysmem.o
LOAD ./Core/Src/system_stm32f3xx.o
LOAD ./Core/Startup/startup_stm32f303retx.o
LOAD ./Drivers/STM32F3xx_HAL_Driver/Src/stm32f3xx_hal.o
LOAD ./Drivers/STM32F3xx_HAL_Driver/Src/stm32f3xx_hal_can.o
LOAD ./Drivers/STM32F3xx_HAL_Driver/Src/stm32f3xx_hal_cortex.o
LOAD ./Drivers/STM32F3xx_HAL_Driver/Src/stm32f3xx_hal_dma.o
LOAD ./Drivers/STM32F3xx_HAL_Driver/Src/stm32f3xx_hal_exti.o
LOAD ./Drivers/STM32F3xx_HAL_Driver/Src/stm32f3xx_hal_flash.o
LOAD ./Drivers/STM32F3xx_HAL_Driver/Src/stm32f3xx_hal_flash_ex.o
LOAD ./Drivers/STM32F3xx_HAL_Driver/Src/stm32f3xx_hal_gpio.o
LOAD ./Drivers/STM32F3xx_HAL_Driver/Src/stm32f3xx_hal_i2c.o
LOAD ./Drivers/STM32F3xx_HAL_Driver/Src/stm32f3xx_hal_i2c_ex.o
LOAD ./Drivers/STM32F3xx_HAL_Driver/Src/stm32f3xx_hal_pwr.o
LOAD ./Drivers/STM32F3xx_HAL_Driver/Src/stm32f3xx_hal_pwr_ex.o
LOAD ./Drivers/STM32F3xx_HAL_Driver/Src/stm32f3xx_hal_rcc.o
LOAD ./Drivers/STM32F3xx_HAL_Driver/Src/stm32f3xx_hal_rcc_ex.o
LOAD ./Drivers/STM32F3xx_HAL_Driver/Src/stm32f3xx_hal_tim.o
LOAD ./Drivers/STM32F3xx_HAL_Driver/Src/stm32f3xx_hal_tim_ex.o
LOAD ./Drivers/STM32F3xx_HAL_Driver/Src/stm32f3xx_hal_uart.o
LOAD ./Drivers/STM32F3xx_HAL_Driver/Src/stm32f3xx_hal_uart_ex.o
START GROUP
LOAD c:/st/stm32cubeide_1.10.1/stm32cubeide/plugins/com.st.stm32cube.ide.mcu.externaltools.gnu-tools-for-stm32.10.3-2021.10.win32_1.0.0.202111181127/tools/bin/../lib/gcc/arm-none-eabi/10.3.1/../../../../arm-none-eabi/lib/thumb/v7e-m+fp/hard\libc_nano.a
LOAD c:/st/stm32cubeide_1.10.1/stm32cubeide/plugins/com.st.stm32cube.ide.mcu.externaltools.gnu-tools-for-stm32.10.3-2021.10.win32_1.0.0.202111181127/tools/bin/../lib/gcc/arm-none-eabi/10.3.1/../../../../arm-none-eabi/lib/thumb/v7e-m+fp/hard\libm.a
END GROUP
START GROUP
LOAD c:/st/stm32cubeide_1.10.1/stm32cubeide/plugins/com.st.stm32cube.ide.mcu.externaltools.gnu-tools-for-stm32.10.3-2021.10.win32_1.0.0.202111181127/tools/bin/../lib/gcc/arm-none-eabi/10.3.1/thumb/v7e-m+fp/hard\libgcc.a
LOAD c:/st/stm32cubeide_1.10.1/stm32cubeide/plugins/com.st.stm32cube.ide.mcu.externaltools.gnu-tools-for-stm32.10.3-2021.10.win32_1.0.0.202111181127/tools/bin/../lib/gcc/arm-none-eabi/10.3.1/../../../../arm-none-eabi/lib/thumb/v7e-m+fp/hard\libc_nano.a
END GROUP
START GROUP
LOAD c:/st/stm32cubeide_1.10.1/stm32cubeide/plugins/com.st.stm32cube.ide.mcu.externaltools.gnu-tools-for-stm32.10.3-2021.10.win32_1.0.0.202111181127/tools/bin/../lib/gcc/arm-none-eabi/10.3.1/thumb/v7e-m+fp/hard\libgcc.a
LOAD c:/st/stm32cubeide_1.10.1/stm32cubeide/plugins/com.st.stm32cube.ide.mcu.externaltools.gnu-tools-for-stm32.10.3-2021.10.win32_1.0.0.202111181127/tools/bin/../lib/gcc/arm-none-eabi/10.3.1/../../../../arm-none-eabi/lib/thumb/v7e-m+fp/hard\libc_nano.a
LOAD c:/st/stm32cubeide_1.10.1/stm32cubeide/plugins/com.st.stm32cube.ide.mcu.externaltools.gnu-tools-for-stm32.10.3-2021.10.win32_1.0.0.202111181127/tools/bin/../lib/gcc/arm-none-eabi/10.3.1/../../../../arm-none-eabi/lib/thumb/v7e-m+fp/hard\libnosys.a
END GROUP
START GROUP
LOAD c:/st/stm32cubeide_1.10.1/stm32cubeide/plugins/com.st.stm32cube.ide.mcu.externaltools.gnu-tools-for-stm32.10.3-2021.10.win32_1.0.0.202111181127/tools/bin/../lib/gcc/arm-none-eabi/10.3.1/thumb/v7e-m+fp/hard\libgcc.a
LOAD c:/st/stm32cubeide_1.10.1/stm32cubeide/plugins/com.st.stm32cube.ide.mcu.externaltools.gnu-tools-for-stm32.10.3-2021.10.win32_1.0.0.202111181127/tools/bin/../lib/gcc/arm-none-eabi/10.3.1/../../../../arm-none-eabi/lib/thumb/v7e-m+fp/hard\libc_nano.a
LOAD c:/st/stm32cubeide_1.10.1/stm32cubeide/plugins/com.st.stm32cube.ide.mcu.externaltools.gnu-tools-for-stm32.10.3-2021.10.win32_1.0.0.202111181127/tools/bin/../lib/gcc/arm-none-eabi/10.3.1/../../../../arm-none-eabi/lib/thumb/v7e-m+fp/hard\libnosys.a
END GROUP
LOAD c:/st/stm32cubeide_1.10.1/stm32cubeide/plugins/com.st.stm32cube.ide.mcu.externaltools.gnu-tools-for-stm32.10.3-2021.10.win32_1.0.0.202111181127/tools/bin/../lib/gcc/arm-none-eabi/10.3.1/thumb/v7e-m+fp/hard/crtend.o
LOAD c:/st/stm32cubeide_1.10.1/stm32cubeide/plugins/com.st.stm32cube.ide.mcu.externaltools.gnu-tools-for-stm32.10.3-2021.10.win32_1.0.0.202111181127/tools/bin/../lib/gcc/arm-none-eabi/10.3.1/thumb/v7e-m+fp/hard/crtn.o
                0x0000000020010000                _estack = (ORIGIN (RAM) + LENGTH (RAM))
                0x0000000000000200                _Min_Heap_Size = 0x200
                0x0000000000000400                _Min_Stack_Size = 0x400

.isr_vector     0x0000000008000000      0x194
                0x0000000008000000                . = ALIGN (0x4)
 *(.isr_vector)
 .isr_vector    0x0000000008000000      0x194 ./Core/Startup/startup_stm32f303retx.o
                0x0000000008000000                g_pfnVectors
                0x0000000008000194                . = ALIGN (0x4)

.text           0x0000000008000194     0x4780
                0x0000000008000194                . = ALIGN (0x4)
 *(.text)
 .text          0x0000000008000194       0x40 c:/st/stm32cubeide_1.10.1/stm32cubeide/plugins/com.st.stm32cube.ide.mcu.externaltools.gnu-tools-for-stm32.10.3-2021.10.win32_1.0.0.202111181127/tools/bin/../lib/gcc/arm-none-eabi/10.3.1/thumb/v7e-m+fp/hard/crtbegin.o
 *(.text*)
 .text.main     0x00000000080001d4      0x2ec ./Core/Src/main.o
                0x00000000080001d4                main
 .text.SystemClock_Config
                0x00000000080004c0       0xc0 ./Core/Src/main.o
                0x00000000080004c0                SystemClock_Config
 .text.MX_CAN_Init
                0x0000000008000580       0xfc ./Core/Src/main.o
 .text.MX_I2C1_Init
                0x000000000800067c       0x80 ./Core/Src/main.o
 .text.MX_USART2_UART_Init
                0x00000000080006fc       0x60 ./Core/Src/main.o
 .text.MX_GPIO_Init
                0x000000000800075c       0xcc ./Core/Src/main.o
 .text.HAL_CAN_RxFifo0MsgPendingCallback
                0x0000000008000828       0xe4 ./Core/Src/main.o
                0x0000000008000828                HAL_CAN_RxFifo0MsgPendingCallback
 .text.Error_Handler
                0x000000000800090c        0xa ./Core/Src/main.o
                0x000000000800090c                Error_Handler
 *fill*         0x0000000008000916        0x2 
 .text.HAL_MspInit
                0x0000000008000918       0x48 ./Core/Src/stm32f3xx_hal_msp.o
                0x0000000008000918                HAL_MspInit
 .text.HAL_CAN_MspInit
                0x0000000008000960       0x98 ./Core/Src/stm32f3xx_hal_msp.o
                0x0000000008000960                HAL_CAN_MspInit
 .text.HAL_I2C_MspInit
                0x00000000080009f8       0xc4 ./Core/Src/stm32f3xx_hal_msp.o
                0x00000000080009f8                HAL_I2C_MspInit
 .text.HAL_UART_MspInit
                0x0000000008000abc       0x84 ./Core/Src/stm32f3xx_hal_msp.o
                0x0000000008000abc                HAL_UART_MspInit
 .text.NMI_Handler
                0x0000000008000b40        0x6 ./Core/Src/stm32f3xx_it.o
                0x0000000008000b40                NMI_Handler
 .text.HardFault_Handler
                0x0000000008000b46        0x6 ./Core/Src/stm32f3xx_it.o
                0x0000000008000b46                HardFault_Handler
 .text.MemManage_Handler
                0x0000000008000b4c        0x6 ./Core/Src/stm32f3xx_it.o
                0x0000000008000b4c                MemManage_Handler
 .text.BusFault_Handler
                0x0000000008000b52        0x6 ./Core/Src/stm32f3xx_it.o
                0x0000000008000b52                BusFault_Handler
 .text.UsageFault_Handler
                0x0000000008000b58        0x6 ./Core/Src/stm32f3xx_it.o
                0x0000000008000b58                UsageFault_Handler
 .text.SVC_Handler
                0x0000000008000b5e        0xe ./Core/Src/stm32f3xx_it.o
                0x0000000008000b5e                SVC_Handler
 .text.DebugMon_Handler
                0x0000000008000b6c        0xe ./Core/Src/stm32f3xx_it.o
                0x0000000008000b6c                DebugMon_Handler
 .text.PendSV_Handler
                0x0000000008000b7a        0xe ./Core/Src/stm32f3xx_it.o
                0x0000000008000b7a                PendSV_Handler
 .text.SysTick_Handler
                0x0000000008000b88        0xc ./Core/Src/stm32f3xx_it.o
                0x0000000008000b88                SysTick_Handler
 .text.USB_LP_CAN_RX0_IRQHandler
                0x0000000008000b94       0x14 ./Core/Src/stm32f3xx_it.o
                0x0000000008000b94                USB_LP_CAN_RX0_IRQHandler
 .text.SystemInit
                0x0000000008000ba8       0x24 ./Core/Src/system_stm32f3xx.o
                0x0000000008000ba8                SystemInit
 .text.Reset_Handler
                0x0000000008000bcc       0x50 ./Core/Startup/startup_stm32f303retx.o
                0x0000000008000bcc                Reset_Handler
 .text.Default_Handler
                0x0000000008000c1c        0x2 ./Core/Startup/startup_stm32f303retx.o
                0x0000000008000c1c                RTC_Alarm_IRQHandler
                0x0000000008000c1c                TIM8_TRG_COM_IRQHandler
                0x0000000008000c1c                TIM8_CC_IRQHandler
                0x0000000008000c1c                SPI4_IRQHandler
                0x0000000008000c1c                TIM1_CC_IRQHandler
                0x0000000008000c1c                USB_HP_IRQHandler
                0x0000000008000c1c                PVD_IRQHandler
                0x0000000008000c1c                TAMP_STAMP_IRQHandler
                0x0000000008000c1c                EXTI3_IRQHandler
                0x0000000008000c1c                I2C3_ER_IRQHandler
                0x0000000008000c1c                USB_HP_CAN_TX_IRQHandler
                0x0000000008000c1c                EXTI0_IRQHandler
                0x0000000008000c1c                I2C2_EV_IRQHandler
                0x0000000008000c1c                FPU_IRQHandler
                0x0000000008000c1c                TIM1_UP_TIM16_IRQHandler
                0x0000000008000c1c                ADC1_2_IRQHandler
                0x0000000008000c1c                SPI1_IRQHandler
                0x0000000008000c1c                CAN_SCE_IRQHandler
                0x0000000008000c1c                TIM6_DAC_IRQHandler
                0x0000000008000c1c                TIM8_UP_IRQHandler
                0x0000000008000c1c                DMA2_Channel2_IRQHandler
                0x0000000008000c1c                DMA1_Channel4_IRQHandler
                0x0000000008000c1c                TIM20_TRG_COM_IRQHandler
                0x0000000008000c1c                USART3_IRQHandler
                0x0000000008000c1c                DMA1_Channel7_IRQHandler
                0x0000000008000c1c                UART5_IRQHandler
                0x0000000008000c1c                ADC3_IRQHandler
                0x0000000008000c1c                TIM4_IRQHandler
                0x0000000008000c1c                CAN_RX1_IRQHandler
                0x0000000008000c1c                DMA2_Channel1_IRQHandler
                0x0000000008000c1c                I2C1_EV_IRQHandler
                0x0000000008000c1c                DMA1_Channel6_IRQHandler
                0x0000000008000c1c                UART4_IRQHandler
                0x0000000008000c1c                DMA2_Channel4_IRQHandler
                0x0000000008000c1c                TIM3_IRQHandler
                0x0000000008000c1c                RCC_IRQHandler
                0x0000000008000c1c                TIM20_UP_IRQHandler
                0x0000000008000c1c                DMA1_Channel1_IRQHandler
                0x0000000008000c1c                Default_Handler
                0x0000000008000c1c                USBWakeUp_RMP_IRQHandler
                0x0000000008000c1c                EXTI15_10_IRQHandler
                0x0000000008000c1c                TIM7_IRQHandler
                0x0000000008000c1c                I2C3_EV_IRQHandler
                0x0000000008000c1c                EXTI9_5_IRQHandler
                0x0000000008000c1c                RTC_WKUP_IRQHandler
                0x0000000008000c1c                SPI2_IRQHandler
                0x0000000008000c1c                DMA2_Channel5_IRQHandler
                0x0000000008000c1c                DMA1_Channel5_IRQHandler
                0x0000000008000c1c                USB_LP_IRQHandler
                0x0000000008000c1c                EXTI4_IRQHandler
                0x0000000008000c1c                TIM1_TRG_COM_TIM17_IRQHandler
                0x0000000008000c1c                DMA1_Channel3_IRQHandler
                0x0000000008000c1c                ADC4_IRQHandler
                0x0000000008000c1c                WWDG_IRQHandler
                0x0000000008000c1c                TIM2_IRQHandler
                0x0000000008000c1c                COMP7_IRQHandler
                0x0000000008000c1c                COMP1_2_3_IRQHandler
                0x0000000008000c1c                EXTI1_IRQHandler
                0x0000000008000c1c                USART2_IRQHandler
                0x0000000008000c1c                COMP4_5_6_IRQHandler
                0x0000000008000c1c                TIM20_BRK_IRQHandler
                0x0000000008000c1c                I2C2_ER_IRQHandler
                0x0000000008000c1c                DMA1_Channel2_IRQHandler
                0x0000000008000c1c                TIM8_BRK_IRQHandler
                0x0000000008000c1c                FLASH_IRQHandler
                0x0000000008000c1c                TIM20_CC_IRQHandler
                0x0000000008000c1c                USART1_IRQHandler
                0x0000000008000c1c                SPI3_IRQHandler
                0x0000000008000c1c                I2C1_ER_IRQHandler
                0x0000000008000c1c                FMC_IRQHandler
                0x0000000008000c1c                USBWakeUp_IRQHandler
                0x0000000008000c1c                DMA2_Channel3_IRQHandler
                0x0000000008000c1c                EXTI2_TSC_IRQHandler
                0x0000000008000c1c                TIM1_BRK_TIM15_IRQHandler
 *fill*         0x0000000008000c1e        0x2 
 .text.HAL_Init
                0x0000000008000c20       0x2c ./Drivers/STM32F3xx_HAL_Driver/Src/stm32f3xx_hal.o
                0x0000000008000c20                HAL_Init
 .text.HAL_InitTick
                0x0000000008000c4c       0x60 ./Drivers/STM32F3xx_HAL_Driver/Src/stm32f3xx_hal.o
                0x0000000008000c4c                HAL_InitTick
 .text.HAL_IncTick
                0x0000000008000cac       0x28 ./Drivers/STM32F3xx_HAL_Driver/Src/stm32f3xx_hal.o
                0x0000000008000cac                HAL_IncTick
 .text.HAL_GetTick
                0x0000000008000cd4       0x18 ./Drivers/STM32F3xx_HAL_Driver/Src/stm32f3xx_hal.o
                0x0000000008000cd4                HAL_GetTick
 .text.HAL_Delay
                0x0000000008000cec       0x48 ./Drivers/STM32F3xx_HAL_Driver/Src/stm32f3xx_hal.o
                0x0000000008000cec                HAL_Delay
 .text.HAL_CAN_Init
                0x0000000008000d34      0x1f6 ./Drivers/STM32F3xx_HAL_Driver/Src/stm32f3xx_hal_can.o
                0x0000000008000d34                HAL_CAN_Init
 .text.HAL_CAN_ConfigFilter
                0x0000000008000f2a      0x194 ./Drivers/STM32F3xx_HAL_Driver/Src/stm32f3xx_hal_can.o
                0x0000000008000f2a                HAL_CAN_ConfigFilter
 .text.HAL_CAN_Start
                0x00000000080010be       0x88 ./Drivers/STM32F3xx_HAL_Driver/Src/stm32f3xx_hal_can.o
                0x00000000080010be                HAL_CAN_Start
 .text.HAL_CAN_AddTxMessage
                0x0000000008001146      0x1b6 ./Drivers/STM32F3xx_HAL_Driver/Src/stm32f3xx_hal_can.o
                0x0000000008001146                HAL_CAN_AddTxMessage
 .text.HAL_CAN_GetRxMessage
                0x00000000080012fc      0x224 ./Drivers/STM32F3xx_HAL_Driver/Src/stm32f3xx_hal_can.o
                0x00000000080012fc                HAL_CAN_GetRxMessage
 .text.HAL_CAN_ActivateNotification
                0x0000000008001520       0x4c ./Drivers/STM32F3xx_HAL_Driver/Src/stm32f3xx_hal_can.o
                0x0000000008001520                HAL_CAN_ActivateNotification
 .text.HAL_CAN_IRQHandler
                0x000000000800156c      0x36e ./Drivers/STM32F3xx_HAL_Driver/Src/stm32f3xx_hal_can.o
                0x000000000800156c                HAL_CAN_IRQHandler
 .text.HAL_CAN_TxMailbox0CompleteCallback
                0x00000000080018da       0x14 ./Drivers/STM32F3xx_HAL_Driver/Src/stm32f3xx_hal_can.o
                0x00000000080018da                HAL_CAN_TxMailbox0CompleteCallback
 .text.HAL_CAN_TxMailbox1CompleteCallback
                0x00000000080018ee       0x14 ./Drivers/STM32F3xx_HAL_Driver/Src/stm32f3xx_hal_can.o
                0x00000000080018ee                HAL_CAN_TxMailbox1CompleteCallback
 .text.HAL_CAN_TxMailbox2CompleteCallback
                0x0000000008001902       0x14 ./Drivers/STM32F3xx_HAL_Driver/Src/stm32f3xx_hal_can.o
                0x0000000008001902                HAL_CAN_TxMailbox2CompleteCallback
 .text.HAL_CAN_TxMailbox0AbortCallback
                0x0000000008001916       0x14 ./Drivers/STM32F3xx_HAL_Driver/Src/stm32f3xx_hal_can.o
                0x0000000008001916                HAL_CAN_TxMailbox0AbortCallback
 .text.HAL_CAN_TxMailbox1AbortCallback
                0x000000000800192a       0x14 ./Drivers/STM32F3xx_HAL_Driver/Src/stm32f3xx_hal_can.o
                0x000000000800192a                HAL_CAN_TxMailbox1AbortCallback
 .text.HAL_CAN_TxMailbox2AbortCallback
                0x000000000800193e       0x14 ./Drivers/STM32F3xx_HAL_Driver/Src/stm32f3xx_hal_can.o
                0x000000000800193e                HAL_CAN_TxMailbox2AbortCallback
 .text.HAL_CAN_RxFifo0FullCallback
                0x0000000008001952       0x14 ./Drivers/STM32F3xx_HAL_Driver/Src/stm32f3xx_hal_can.o
                0x0000000008001952                HAL_CAN_RxFifo0FullCallback
 .text.HAL_CAN_RxFifo1MsgPendingCallback
                0x0000000008001966       0x14 ./Drivers/STM32F3xx_HAL_Driver/Src/stm32f3xx_hal_can.o
                0x0000000008001966                HAL_CAN_RxFifo1MsgPendingCallback
 .text.HAL_CAN_RxFifo1FullCallback
                0x000000000800197a       0x14 ./Drivers/STM32F3xx_HAL_Driver/Src/stm32f3xx_hal_can.o
                0x000000000800197a                HAL_CAN_RxFifo1FullCallback
 .text.HAL_CAN_SleepCallback
                0x000000000800198e       0x14 ./Drivers/STM32F3xx_HAL_Driver/Src/stm32f3xx_hal_can.o
                0x000000000800198e                HAL_CAN_SleepCallback
 .text.HAL_CAN_WakeUpFromRxMsgCallback
                0x00000000080019a2       0x14 ./Drivers/STM32F3xx_HAL_Driver/Src/stm32f3xx_hal_can.o
                0x00000000080019a2                HAL_CAN_WakeUpFromRxMsgCallback
 .text.HAL_CAN_ErrorCallback
                0x00000000080019b6       0x14 ./Drivers/STM32F3xx_HAL_Driver/Src/stm32f3xx_hal_can.o
                0x00000000080019b6                HAL_CAN_ErrorCallback
 *fill*         0x00000000080019ca        0x2 
 .text.__NVIC_SetPriorityGrouping
                0x00000000080019cc       0x48 ./Drivers/STM32F3xx_HAL_Driver/Src/stm32f3xx_hal_cortex.o
 .text.__NVIC_GetPriorityGrouping
                0x0000000008001a14       0x1c ./Drivers/STM32F3xx_HAL_Driver/Src/stm32f3xx_hal_cortex.o
 .text.__NVIC_EnableIRQ
                0x0000000008001a30       0x3c ./Drivers/STM32F3xx_HAL_Driver/Src/stm32f3xx_hal_cortex.o
 .text.__NVIC_SetPriority
                0x0000000008001a6c       0x54 ./Drivers/STM32F3xx_HAL_Driver/Src/stm32f3xx_hal_cortex.o
 .text.NVIC_EncodePriority
                0x0000000008001ac0       0x66 ./Drivers/STM32F3xx_HAL_Driver/Src/stm32f3xx_hal_cortex.o
 *fill*         0x0000000008001b26        0x2 
 .text.SysTick_Config
                0x0000000008001b28       0x44 ./Drivers/STM32F3xx_HAL_Driver/Src/stm32f3xx_hal_cortex.o
 .text.HAL_NVIC_SetPriorityGrouping
                0x0000000008001b6c       0x16 ./Drivers/STM32F3xx_HAL_Driver/Src/stm32f3xx_hal_cortex.o
                0x0000000008001b6c                HAL_NVIC_SetPriorityGrouping
 .text.HAL_NVIC_SetPriority
                0x0000000008001b82       0x38 ./Drivers/STM32F3xx_HAL_Driver/Src/stm32f3xx_hal_cortex.o
                0x0000000008001b82                HAL_NVIC_SetPriority
 .text.HAL_NVIC_EnableIRQ
                0x0000000008001bba       0x1c ./Drivers/STM32F3xx_HAL_Driver/Src/stm32f3xx_hal_cortex.o
                0x0000000008001bba                HAL_NVIC_EnableIRQ
 .text.HAL_SYSTICK_Config
                0x0000000008001bd6       0x18 ./Drivers/STM32F3xx_HAL_Driver/Src/stm32f3xx_hal_cortex.o
                0x0000000008001bd6                HAL_SYSTICK_Config
 *fill*         0x0000000008001bee        0x2 
 .text.HAL_GPIO_Init
                0x0000000008001bf0      0x314 ./Drivers/STM32F3xx_HAL_Driver/Src/stm32f3xx_hal_gpio.o
                0x0000000008001bf0                HAL_GPIO_Init
 .text.HAL_GPIO_WritePin
                0x0000000008001f04       0x30 ./Drivers/STM32F3xx_HAL_Driver/Src/stm32f3xx_hal_gpio.o
                0x0000000008001f04                HAL_GPIO_WritePin
 .text.HAL_I2C_Init
                0x0000000008001f34      0x11e ./Drivers/STM32F3xx_HAL_Driver/Src/stm32f3xx_hal_i2c.o
                0x0000000008001f34                HAL_I2C_Init
 .text.HAL_I2C_Slave_Receive
                0x0000000008002052      0x1fe ./Drivers/STM32F3xx_HAL_Driver/Src/stm32f3xx_hal_i2c.o
                0x0000000008002052                HAL_I2C_Slave_Receive
 .text.I2C_Flush_TXDR
                0x0000000008002250       0x48 ./Drivers/STM32F3xx_HAL_Driver/Src/stm32f3xx_hal_i2c.o
 .text.I2C_WaitOnFlagUntilTimeout
                0x0000000008002298       0x80 ./Drivers/STM32F3xx_HAL_Driver/Src/stm32f3xx_hal_i2c.o
 .text.I2C_WaitOnSTOPFlagUntilTimeout
                0x0000000008002318       0x78 ./Drivers/STM32F3xx_HAL_Driver/Src/stm32f3xx_hal_i2c.o
 .text.I2C_WaitOnRXNEFlagUntilTimeout
                0x0000000008002390       0xd8 ./Drivers/STM32F3xx_HAL_Driver/Src/stm32f3xx_hal_i2c.o
 .text.I2C_IsAcknowledgeFailed
                0x0000000008002468       0xec ./Drivers/STM32F3xx_HAL_Driver/Src/stm32f3xx_hal_i2c.o
 .text.HAL_I2CEx_ConfigAnalogFilter
                0x0000000008002554       0x96 ./Drivers/STM32F3xx_HAL_Driver/Src/stm32f3xx_hal_i2c_ex.o
                0x0000000008002554                HAL_I2CEx_ConfigAnalogFilter
 .text.HAL_I2CEx_ConfigDigitalFilter
                0x00000000080025ea       0x98 ./Drivers/STM32F3xx_HAL_Driver/Src/stm32f3xx_hal_i2c_ex.o
                0x00000000080025ea                HAL_I2CEx_ConfigDigitalFilter
 *fill*         0x0000000008002682        0x2 
 .text.HAL_RCC_OscConfig
                0x0000000008002684     0x10a8 ./Drivers/STM32F3xx_HAL_Driver/Src/stm32f3xx_hal_rcc.o
                0x0000000008002684                HAL_RCC_OscConfig
 .text.HAL_RCC_ClockConfig
                0x000000000800372c      0x2f8 ./Drivers/STM32F3xx_HAL_Driver/Src/stm32f3xx_hal_rcc.o
                0x000000000800372c                HAL_RCC_ClockConfig
 .text.HAL_RCC_GetSysClockFreq
                0x0000000008003a24       0xd4 ./Drivers/STM32F3xx_HAL_Driver/Src/stm32f3xx_hal_rcc.o
                0x0000000008003a24                HAL_RCC_GetSysClockFreq
 .text.HAL_RCC_GetHCLKFreq
                0x0000000008003af8       0x18 ./Drivers/STM32F3xx_HAL_Driver/Src/stm32f3xx_hal_rcc.o
                0x0000000008003af8                HAL_RCC_GetHCLKFreq
 .text.HAL_RCC_GetPCLK1Freq
                0x0000000008003b10       0x44 ./Drivers/STM32F3xx_HAL_Driver/Src/stm32f3xx_hal_rcc.o
                0x0000000008003b10                HAL_RCC_GetPCLK1Freq
 .text.HAL_RCC_GetPCLK2Freq
                0x0000000008003b54       0x44 ./Drivers/STM32F3xx_HAL_Driver/Src/stm32f3xx_hal_rcc.o
                0x0000000008003b54                HAL_RCC_GetPCLK2Freq
 .text.HAL_RCCEx_PeriphCLKConfig
                0x0000000008003b98      0x43c ./Drivers/STM32F3xx_HAL_Driver/Src/stm32f3xx_hal_rcc_ex.o
                0x0000000008003b98                HAL_RCCEx_PeriphCLKConfig
 .text.HAL_UART_Init
                0x0000000008003fd4       0x9c ./Drivers/STM32F3xx_HAL_Driver/Src/stm32f3xx_hal_uart.o
                0x0000000008003fd4                HAL_UART_Init
 .text.HAL_UART_Transmit
                0x0000000008004070      0x128 ./Drivers/STM32F3xx_HAL_Driver/Src/stm32f3xx_hal_uart.o
                0x0000000008004070                HAL_UART_Transmit
 .text.UART_SetConfig
                0x0000000008004198      0x3ac ./Drivers/STM32F3xx_HAL_Driver/Src/stm32f3xx_hal_uart.o
                0x0000000008004198                UART_SetConfig
 .text.UART_AdvFeatureConfig
                0x0000000008004544      0x144 ./Drivers/STM32F3xx_HAL_Driver/Src/stm32f3xx_hal_uart.o
                0x0000000008004544                UART_AdvFeatureConfig
 .text.UART_CheckIdleState
                0x0000000008004688       0x92 ./Drivers/STM32F3xx_HAL_Driver/Src/stm32f3xx_hal_uart.o
                0x0000000008004688                UART_CheckIdleState
 .text.UART_WaitOnFlagUntilTimeout
                0x000000000800471a      0x188 ./Drivers/STM32F3xx_HAL_Driver/Src/stm32f3xx_hal_uart.o
                0x000000000800471a                UART_WaitOnFlagUntilTimeout
 *fill*         0x00000000080048a2        0x2 
 .text.__libc_init_array
                0x00000000080048a4       0x48 c:/st/stm32cubeide_1.10.1/stm32cubeide/plugins/com.st.stm32cube.ide.mcu.externaltools.gnu-tools-for-stm32.10.3-2021.10.win32_1.0.0.202111181127/tools/bin/../lib/gcc/arm-none-eabi/10.3.1/../../../../arm-none-eabi/lib/thumb/v7e-m+fp/hard\libc_nano.a(lib_a-init.o)
                0x00000000080048a4                __libc_init_array
 .text.memset   0x00000000080048ec       0x10 c:/st/stm32cubeide_1.10.1/stm32cubeide/plugins/com.st.stm32cube.ide.mcu.externaltools.gnu-tools-for-stm32.10.3-2021.10.win32_1.0.0.202111181127/tools/bin/../lib/gcc/arm-none-eabi/10.3.1/../../../../arm-none-eabi/lib/thumb/v7e-m+fp/hard\libc_nano.a(lib_a-memset.o)
                0x00000000080048ec                memset
 *(.glue_7)
 .glue_7        0x00000000080048fc        0x0 linker stubs
 *(.glue_7t)
 .glue_7t       0x00000000080048fc        0x0 linker stubs
 *(.eh_frame)
 .eh_frame      0x00000000080048fc        0x0 c:/st/stm32cubeide_1.10.1/stm32cubeide/plugins/com.st.stm32cube.ide.mcu.externaltools.gnu-tools-for-stm32.10.3-2021.10.win32_1.0.0.202111181127/tools/bin/../lib/gcc/arm-none-eabi/10.3.1/thumb/v7e-m+fp/hard/crtbegin.o
 *(.init)
 .init          0x00000000080048fc        0x4 c:/st/stm32cubeide_1.10.1/stm32cubeide/plugins/com.st.stm32cube.ide.mcu.externaltools.gnu-tools-for-stm32.10.3-2021.10.win32_1.0.0.202111181127/tools/bin/../lib/gcc/arm-none-eabi/10.3.1/thumb/v7e-m+fp/hard/crti.o
                0x00000000080048fc                _init
 .init          0x0000000008004900        0x8 c:/st/stm32cubeide_1.10.1/stm32cubeide/plugins/com.st.stm32cube.ide.mcu.externaltools.gnu-tools-for-stm32.10.3-2021.10.win32_1.0.0.202111181127/tools/bin/../lib/gcc/arm-none-eabi/10.3.1/thumb/v7e-m+fp/hard/crtn.o
 *(.fini)
 .fini          0x0000000008004908        0x4 c:/st/stm32cubeide_1.10.1/stm32cubeide/plugins/com.st.stm32cube.ide.mcu.externaltools.gnu-tools-for-stm32.10.3-2021.10.win32_1.0.0.202111181127/tools/bin/../lib/gcc/arm-none-eabi/10.3.1/thumb/v7e-m+fp/hard/crti.o
                0x0000000008004908                _fini
 .fini          0x000000000800490c        0x8 c:/st/stm32cubeide_1.10.1/stm32cubeide/plugins/com.st.stm32cube.ide.mcu.externaltools.gnu-tools-for-stm32.10.3-2021.10.win32_1.0.0.202111181127/tools/bin/../lib/gcc/arm-none-eabi/10.3.1/thumb/v7e-m+fp/hard/crtn.o
                0x0000000008004914                . = ALIGN (0x4)
                0x0000000008004914                _etext = .

.vfp11_veneer   0x0000000008004914        0x0
 .vfp11_veneer  0x0000000008004914        0x0 linker stubs

.v4_bx          0x0000000008004914        0x0
 .v4_bx         0x0000000008004914        0x0 linker stubs

.iplt           0x0000000008004914        0x0
 .iplt          0x0000000008004914        0x0 c:/st/stm32cubeide_1.10.1/stm32cubeide/plugins/com.st.stm32cube.ide.mcu.externaltools.gnu-tools-for-stm32.10.3-2021.10.win32_1.0.0.202111181127/tools/bin/../lib/gcc/arm-none-eabi/10.3.1/thumb/v7e-m+fp/hard/crtbegin.o

.rodata         0x0000000008004914       0x6c
                0x0000000008004914                . = ALIGN (0x4)
 *(.rodata)
 .rodata        0x0000000008004914       0x31 ./Core/Src/main.o
 *(.rodata*)
 *fill*         0x0000000008004945        0x3 
 .rodata.AHBPrescTable
                0x0000000008004948       0x10 ./Core/Src/system_stm32f3xx.o
                0x0000000008004948                AHBPrescTable
 .rodata.APBPrescTable
                0x0000000008004958        0x8 ./Core/Src/system_stm32f3xx.o
                0x0000000008004958                APBPrescTable
 .rodata.aPLLMULFactorTable
                0x0000000008004960       0x10 ./Drivers/STM32F3xx_HAL_Driver/Src/stm32f3xx_hal_rcc.o
                0x0000000008004960                aPLLMULFactorTable
 .rodata.aPredivFactorTable
                0x0000000008004970       0x10 ./Drivers/STM32F3xx_HAL_Driver/Src/stm32f3xx_hal_rcc.o
                0x0000000008004970                aPredivFactorTable
                0x0000000008004980                . = ALIGN (0x4)

.rel.dyn        0x0000000008004980        0x0
 .rel.iplt      0x0000000008004980        0x0 c:/st/stm32cubeide_1.10.1/stm32cubeide/plugins/com.st.stm32cube.ide.mcu.externaltools.gnu-tools-for-stm32.10.3-2021.10.win32_1.0.0.202111181127/tools/bin/../lib/gcc/arm-none-eabi/10.3.1/thumb/v7e-m+fp/hard/crtbegin.o

.ARM.extab      0x0000000008004980        0x0
                0x0000000008004980                . = ALIGN (0x4)
 *(.ARM.extab* .gnu.linkonce.armextab.*)
                0x0000000008004980                . = ALIGN (0x4)

.ARM            0x0000000008004980        0x0
                0x0000000008004980                . = ALIGN (0x4)
                0x0000000008004980                __exidx_start = .
 *(.ARM.exidx*)
                0x0000000008004980                __exidx_end = .
                0x0000000008004980                . = ALIGN (0x4)

.preinit_array  0x0000000008004980        0x0
                0x0000000008004980                . = ALIGN (0x4)
                0x0000000008004980                PROVIDE (__preinit_array_start = .)
 *(.preinit_array*)
                0x0000000008004980                PROVIDE (__preinit_array_end = .)
                0x0000000008004980                . = ALIGN (0x4)

.init_array     0x0000000008004980        0x4
                0x0000000008004980                . = ALIGN (0x4)
                0x0000000008004980                PROVIDE (__init_array_start = .)
 *(SORT_BY_NAME(.init_array.*))
 *(.init_array*)
 .init_array    0x0000000008004980        0x4 c:/st/stm32cubeide_1.10.1/stm32cubeide/plugins/com.st.stm32cube.ide.mcu.externaltools.gnu-tools-for-stm32.10.3-2021.10.win32_1.0.0.202111181127/tools/bin/../lib/gcc/arm-none-eabi/10.3.1/thumb/v7e-m+fp/hard/crtbegin.o
                0x0000000008004984                PROVIDE (__init_array_end = .)
                0x0000000008004984                . = ALIGN (0x4)

.fini_array     0x0000000008004984        0x4
                0x0000000008004984                . = ALIGN (0x4)
                [!provide]                        PROVIDE (__fini_array_start = .)
 *(SORT_BY_NAME(.fini_array.*))
 *(.fini_array*)
 .fini_array    0x0000000008004984        0x4 c:/st/stm32cubeide_1.10.1/stm32cubeide/plugins/com.st.stm32cube.ide.mcu.externaltools.gnu-tools-for-stm32.10.3-2021.10.win32_1.0.0.202111181127/tools/bin/../lib/gcc/arm-none-eabi/10.3.1/thumb/v7e-m+fp/hard/crtbegin.o
                [!provide]                        PROVIDE (__fini_array_end = .)
                0x0000000008004988                . = ALIGN (0x4)
                0x0000000008004988                _sidata = LOADADDR (.data)

.data           0x0000000020000000       0x10 load address 0x0000000008004988
                0x0000000020000000                . = ALIGN (0x4)
                0x0000000020000000                _sdata = .
 *(.data)
 *(.data*)
 .data.currWheel
                0x0000000020000000        0x1 ./Core/Src/main.o
                0x0000000020000000                currWheel
 .data.maxBlinkCount
                0x0000000020000001        0x1 ./Core/Src/main.o
                0x0000000020000001                maxBlinkCount
 *fill*         0x0000000020000002        0x2 
 .data.SystemCoreClock
                0x0000000020000004        0x4 ./Core/Src/system_stm32f3xx.o
                0x0000000020000004                SystemCoreClock
 .data.uwTickPrio
                0x0000000020000008        0x4 ./Drivers/STM32F3xx_HAL_Driver/Src/stm32f3xx_hal.o
                0x0000000020000008                uwTickPrio
 .data.uwTickFreq
                0x000000002000000c        0x1 ./Drivers/STM32F3xx_HAL_Driver/Src/stm32f3xx_hal.o
                0x000000002000000c                uwTickFreq
 *(.RamFunc)
 *(.RamFunc*)
                0x0000000020000010                . = ALIGN (0x4)
 *fill*         0x000000002000000d        0x3 
                0x0000000020000010                _edata = .
                0x0000000008004998                _siccmram = LOADADDR (.ccmram)

.igot.plt       0x0000000020000010        0x0 load address 0x0000000008004998
 .igot.plt      0x0000000020000010        0x0 c:/st/stm32cubeide_1.10.1/stm32cubeide/plugins/com.st.stm32cube.ide.mcu.externaltools.gnu-tools-for-stm32.10.3-2021.10.win32_1.0.0.202111181127/tools/bin/../lib/gcc/arm-none-eabi/10.3.1/thumb/v7e-m+fp/hard/crtbegin.o

.ccmram         0x0000000010000000        0x0 load address 0x0000000008004998
                0x0000000010000000                . = ALIGN (0x4)
                0x0000000010000000                _sccmram = .
 *(.ccmram)
 *(.ccmram*)
                0x0000000010000000                . = ALIGN (0x4)
                0x0000000010000000                _eccmram = .
                0x0000000010000000                . = ALIGN (0x4)

.bss            0x0000000020000010      0x168
                0x0000000020000010                _sbss = .
                0x0000000020000010                __bss_start__ = _sbss
 *(.bss)
 .bss           0x0000000020000010       0x1c c:/st/stm32cubeide_1.10.1/stm32cubeide/plugins/com.st.stm32cube.ide.mcu.externaltools.gnu-tools-for-stm32.10.3-2021.10.win32_1.0.0.202111181127/tools/bin/../lib/gcc/arm-none-eabi/10.3.1/thumb/v7e-m+fp/hard/crtbegin.o
 *(.bss*)
 .bss.hcan      0x000000002000002c       0x28 ./Core/Src/main.o
                0x000000002000002c                hcan
 .bss.hi2c1     0x0000000020000054       0x4c ./Core/Src/main.o
                0x0000000020000054                hi2c1
 .bss.huart2    0x00000000200000a0       0x84 ./Core/Src/main.o
                0x00000000200000a0                huart2
 .bss.TxHeader  0x0000000020000124       0x18 ./Core/Src/main.o
                0x0000000020000124                TxHeader
 .bss.RxHeader  0x000000002000013c       0x1c ./Core/Src/main.o
                0x000000002000013c                RxHeader
 .bss.TxData    0x0000000020000158        0x8 ./Core/Src/main.o
                0x0000000020000158                TxData
 .bss.RxData    0x0000000020000160        0x8 ./Core/Src/main.o
                0x0000000020000160                RxData
 .bss.TxMailbox
                0x0000000020000168        0x4 ./Core/Src/main.o
                0x0000000020000168                TxMailbox
 .bss.current_blink
                0x000000002000016c        0x1 ./Core/Src/main.o
                0x000000002000016c                current_blink
 .bss.blinking  0x000000002000016d        0x1 ./Core/Src/main.o
                0x000000002000016d                blinking
 .bss.currBlinkCount
                0x000000002000016e        0x1 ./Core/Src/main.o
                0x000000002000016e                currBlinkCount
 .bss.blinkSend
                0x000000002000016f        0x1 ./Core/Src/main.o
                0x000000002000016f                blinkSend
 .bss.globalFail
                0x0000000020000170        0x1 ./Core/Src/main.o
                0x0000000020000170                globalFail
 *fill*         0x0000000020000171        0x3 
 .bss.uwTick    0x0000000020000174        0x4 ./Drivers/STM32F3xx_HAL_Driver/Src/stm32f3xx_hal.o
                0x0000000020000174                uwTick
 *(COMMON)
                0x0000000020000178                . = ALIGN (0x4)
                0x0000000020000178                _ebss = .
                0x0000000020000178                __bss_end__ = _ebss

._user_heap_stack
                0x0000000020000178      0x600
                0x0000000020000178                . = ALIGN (0x8)
                [!provide]                        PROVIDE (end = .)
                0x0000000020000178                PROVIDE (_end = .)
                0x0000000020000378                . = (. + _Min_Heap_Size)
 *fill*         0x0000000020000178      0x200 
                0x0000000020000778                . = (. + _Min_Stack_Size)
 *fill*         0x0000000020000378      0x400 
                0x0000000020000778                . = ALIGN (0x8)

/DISCARD/
 libc.a(*)
 libm.a(*)
 libgcc.a(*)

.ARM.attributes
                0x0000000000000000       0x30
 *(.ARM.attributes)
 .ARM.attributes
                0x0000000000000000       0x1e c:/st/stm32cubeide_1.10.1/stm32cubeide/plugins/com.st.stm32cube.ide.mcu.externaltools.gnu-tools-for-stm32.10.3-2021.10.win32_1.0.0.202111181127/tools/bin/../lib/gcc/arm-none-eabi/10.3.1/thumb/v7e-m+fp/hard/crti.o
 .ARM.attributes
                0x000000000000001e       0x34 c:/st/stm32cubeide_1.10.1/stm32cubeide/plugins/com.st.stm32cube.ide.mcu.externaltools.gnu-tools-for-stm32.10.3-2021.10.win32_1.0.0.202111181127/tools/bin/../lib/gcc/arm-none-eabi/10.3.1/thumb/v7e-m+fp/hard/crtbegin.o
 .ARM.attributes
                0x0000000000000052       0x34 ./Core/Src/main.o
 .ARM.attributes
                0x0000000000000086       0x34 ./Core/Src/stm32f3xx_hal_msp.o
 .ARM.attributes
                0x00000000000000ba       0x34 ./Core/Src/stm32f3xx_it.o
 .ARM.attributes
                0x00000000000000ee       0x34 ./Core/Src/system_stm32f3xx.o
 .ARM.attributes
                0x0000000000000122       0x21 ./Core/Startup/startup_stm32f303retx.o
 .ARM.attributes
                0x0000000000000143       0x34 ./Drivers/STM32F3xx_HAL_Driver/Src/stm32f3xx_hal.o
 .ARM.attributes
                0x0000000000000177       0x34 ./Drivers/STM32F3xx_HAL_Driver/Src/stm32f3xx_hal_can.o
 .ARM.attributes
                0x00000000000001ab       0x34 ./Drivers/STM32F3xx_HAL_Driver/Src/stm32f3xx_hal_cortex.o
 .ARM.attributes
                0x00000000000001df       0x34 ./Drivers/STM32F3xx_HAL_Driver/Src/stm32f3xx_hal_gpio.o
 .ARM.attributes
                0x0000000000000213       0x34 ./Drivers/STM32F3xx_HAL_Driver/Src/stm32f3xx_hal_i2c.o
 .ARM.attributes
                0x0000000000000247       0x34 ./Drivers/STM32F3xx_HAL_Driver/Src/stm32f3xx_hal_i2c_ex.o
 .ARM.attributes
                0x000000000000027b       0x34 ./Drivers/STM32F3xx_HAL_Driver/Src/stm32f3xx_hal_rcc.o
 .ARM.attributes
                0x00000000000002af       0x34 ./Drivers/STM32F3xx_HAL_Driver/Src/stm32f3xx_hal_rcc_ex.o
 .ARM.attributes
                0x00000000000002e3       0x34 ./Drivers/STM32F3xx_HAL_Driver/Src/stm32f3xx_hal_uart.o
 .ARM.attributes
                0x0000000000000317       0x34 c:/st/stm32cubeide_1.10.1/stm32cubeide/plugins/com.st.stm32cube.ide.mcu.externaltools.gnu-tools-for-stm32.10.3-2021.10.win32_1.0.0.202111181127/tools/bin/../lib/gcc/arm-none-eabi/10.3.1/../../../../arm-none-eabi/lib/thumb/v7e-m+fp/hard\libc_nano.a(lib_a-init.o)
 .ARM.attributes
                0x000000000000034b       0x34 c:/st/stm32cubeide_1.10.1/stm32cubeide/plugins/com.st.stm32cube.ide.mcu.externaltools.gnu-tools-for-stm32.10.3-2021.10.win32_1.0.0.202111181127/tools/bin/../lib/gcc/arm-none-eabi/10.3.1/../../../../arm-none-eabi/lib/thumb/v7e-m+fp/hard\libc_nano.a(lib_a-memset.o)
 .ARM.attributes
                0x000000000000037f       0x1e c:/st/stm32cubeide_1.10.1/stm32cubeide/plugins/com.st.stm32cube.ide.mcu.externaltools.gnu-tools-for-stm32.10.3-2021.10.win32_1.0.0.202111181127/tools/bin/../lib/gcc/arm-none-eabi/10.3.1/thumb/v7e-m+fp/hard/crtn.o
OUTPUT(uart-proxy.elf elf32-littlearm)
LOAD linker stubs
LOAD c:/st/stm32cubeide_1.10.1/stm32cubeide/plugins/com.st.stm32cube.ide.mcu.externaltools.gnu-tools-for-stm32.10.3-2021.10.win32_1.0.0.202111181127/tools/bin/../lib/gcc/arm-none-eabi/10.3.1/../../../../arm-none-eabi/lib/thumb/v7e-m+fp/hard\libc.a
LOAD c:/st/stm32cubeide_1.10.1/stm32cubeide/plugins/com.st.stm32cube.ide.mcu.externaltools.gnu-tools-for-stm32.10.3-2021.10.win32_1.0.0.202111181127/tools/bin/../lib/gcc/arm-none-eabi/10.3.1/../../../../arm-none-eabi/lib/thumb/v7e-m+fp/hard\libm.a
LOAD c:/st/stm32cubeide_1.10.1/stm32cubeide/plugins/com.st.stm32cube.ide.mcu.externaltools.gnu-tools-for-stm32.10.3-2021.10.win32_1.0.0.202111181127/tools/bin/../lib/gcc/arm-none-eabi/10.3.1/thumb/v7e-m+fp/hard\libgcc.a

.debug_info     0x0000000000000000     0xe4e8
 .debug_info    0x0000000000000000     0x1904 ./Core/Src/main.o
 .debug_info    0x0000000000001904     0x13c4 ./Core/Src/stm32f3xx_hal_msp.o
 .debug_info    0x0000000000002cc8      0x558 ./Core/Src/stm32f3xx_it.o
 .debug_info    0x0000000000003220      0x416 ./Core/Src/system_stm32f3xx.o
 .debug_info    0x0000000000003636       0x22 ./Core/Startup/startup_stm32f303retx.o
 .debug_info    0x0000000000003658      0x837 ./Drivers/STM32F3xx_HAL_Driver/Src/stm32f3xx_hal.o
 .debug_info    0x0000000000003e8f      0xfca ./Drivers/STM32F3xx_HAL_Driver/Src/stm32f3xx_hal_can.o
 .debug_info    0x0000000000004e59      0xdb5 ./Drivers/STM32F3xx_HAL_Driver/Src/stm32f3xx_hal_cortex.o
 .debug_info    0x0000000000005c0e      0x74e ./Drivers/STM32F3xx_HAL_Driver/Src/stm32f3xx_hal_gpio.o
 .debug_info    0x000000000000635c     0x214e ./Drivers/STM32F3xx_HAL_Driver/Src/stm32f3xx_hal_i2c.o
 .debug_info    0x00000000000084aa      0x955 ./Drivers/STM32F3xx_HAL_Driver/Src/stm32f3xx_hal_i2c_ex.o
 .debug_info    0x0000000000008dff     0x1597 ./Drivers/STM32F3xx_HAL_Driver/Src/stm32f3xx_hal_rcc.o
 .debug_info    0x000000000000a396      0x67f ./Drivers/STM32F3xx_HAL_Driver/Src/stm32f3xx_hal_rcc_ex.o
 .debug_info    0x000000000000aa15     0x3ad3 ./Drivers/STM32F3xx_HAL_Driver/Src/stm32f3xx_hal_uart.o

.debug_abbrev   0x0000000000000000     0x1c7f
 .debug_abbrev  0x0000000000000000      0x2bc ./Core/Src/main.o
 .debug_abbrev  0x00000000000002bc      0x206 ./Core/Src/stm32f3xx_hal_msp.o
 .debug_abbrev  0x00000000000004c2      0x194 ./Core/Src/stm32f3xx_it.o
 .debug_abbrev  0x0000000000000656      0x116 ./Core/Src/system_stm32f3xx.o
 .debug_abbrev  0x000000000000076c       0x12 ./Core/Startup/startup_stm32f303retx.o
 .debug_abbrev  0x000000000000077e      0x20e ./Drivers/STM32F3xx_HAL_Driver/Src/stm32f3xx_hal.o
 .debug_abbrev  0x000000000000098c      0x22e ./Drivers/STM32F3xx_HAL_Driver/Src/stm32f3xx_hal_can.o
 .debug_abbrev  0x0000000000000bba      0x316 ./Drivers/STM32F3xx_HAL_Driver/Src/stm32f3xx_hal_cortex.o
 .debug_abbrev  0x0000000000000ed0      0x1bb ./Drivers/STM32F3xx_HAL_Driver/Src/stm32f3xx_hal_gpio.o
 .debug_abbrev  0x000000000000108b      0x243 ./Drivers/STM32F3xx_HAL_Driver/Src/stm32f3xx_hal_i2c.o
 .debug_abbrev  0x00000000000012ce      0x1b0 ./Drivers/STM32F3xx_HAL_Driver/Src/stm32f3xx_hal_i2c_ex.o
 .debug_abbrev  0x000000000000147e      0x30c ./Drivers/STM32F3xx_HAL_Driver/Src/stm32f3xx_hal_rcc.o
 .debug_abbrev  0x000000000000178a      0x239 ./Drivers/STM32F3xx_HAL_Driver/Src/stm32f3xx_hal_rcc_ex.o
 .debug_abbrev  0x00000000000019c3      0x2bc ./Drivers/STM32F3xx_HAL_Driver/Src/stm32f3xx_hal_uart.o

.debug_aranges  0x0000000000000000      0xaa8
 .debug_aranges
                0x0000000000000000       0x58 ./Core/Src/main.o
 .debug_aranges
                0x0000000000000058       0x50 ./Core/Src/stm32f3xx_hal_msp.o
 .debug_aranges
                0x00000000000000a8       0x68 ./Core/Src/stm32f3xx_it.o
 .debug_aranges
                0x0000000000000110       0x28 ./Core/Src/system_stm32f3xx.o
 .debug_aranges
                0x0000000000000138       0x28 ./Core/Startup/startup_stm32f303retx.o
 .debug_aranges
                0x0000000000000160       0xe0 ./Drivers/STM32F3xx_HAL_Driver/Src/stm32f3xx_hal.o
 .debug_aranges
                0x0000000000000240      0x138 ./Drivers/STM32F3xx_HAL_Driver/Src/stm32f3xx_hal_can.o
 .debug_aranges
                0x0000000000000378      0x118 ./Drivers/STM32F3xx_HAL_Driver/Src/stm32f3xx_hal_cortex.o
 .debug_aranges
                0x0000000000000490       0x58 ./Drivers/STM32F3xx_HAL_Driver/Src/stm32f3xx_hal_gpio.o
 .debug_aranges
                0x00000000000004e8      0x290 ./Drivers/STM32F3xx_HAL_Driver/Src/stm32f3xx_hal_i2c.o
 .debug_aranges
                0x0000000000000778       0x48 ./Drivers/STM32F3xx_HAL_Driver/Src/stm32f3xx_hal_i2c_ex.o
 .debug_aranges
                0x00000000000007c0       0x88 ./Drivers/STM32F3xx_HAL_Driver/Src/stm32f3xx_hal_rcc.o
 .debug_aranges
                0x0000000000000848       0x38 ./Drivers/STM32F3xx_HAL_Driver/Src/stm32f3xx_hal_rcc_ex.o
 .debug_aranges
                0x0000000000000880      0x228 ./Drivers/STM32F3xx_HAL_Driver/Src/stm32f3xx_hal_uart.o

.debug_ranges   0x0000000000000000      0xa00
 .debug_ranges  0x0000000000000000       0x48 ./Core/Src/main.o
 .debug_ranges  0x0000000000000048       0x40 ./Core/Src/stm32f3xx_hal_msp.o
 .debug_ranges  0x0000000000000088       0x58 ./Core/Src/stm32f3xx_it.o
 .debug_ranges  0x00000000000000e0       0x18 ./Core/Src/system_stm32f3xx.o
 .debug_ranges  0x00000000000000f8       0x20 ./Core/Startup/startup_stm32f303retx.o
 .debug_ranges  0x0000000000000118       0xd0 ./Drivers/STM32F3xx_HAL_Driver/Src/stm32f3xx_hal.o
 .debug_ranges  0x00000000000001e8      0x128 ./Drivers/STM32F3xx_HAL_Driver/Src/stm32f3xx_hal_can.o
 .debug_ranges  0x0000000000000310      0x108 ./Drivers/STM32F3xx_HAL_Driver/Src/stm32f3xx_hal_cortex.o
 .debug_ranges  0x0000000000000418       0x48 ./Drivers/STM32F3xx_HAL_Driver/Src/stm32f3xx_hal_gpio.o
 .debug_ranges  0x0000000000000460      0x280 ./Drivers/STM32F3xx_HAL_Driver/Src/stm32f3xx_hal_i2c.o
 .debug_ranges  0x00000000000006e0       0x38 ./Drivers/STM32F3xx_HAL_Driver/Src/stm32f3xx_hal_i2c_ex.o
 .debug_ranges  0x0000000000000718       0x78 ./Drivers/STM32F3xx_HAL_Driver/Src/stm32f3xx_hal_rcc.o
 .debug_ranges  0x0000000000000790       0x28 ./Drivers/STM32F3xx_HAL_Driver/Src/stm32f3xx_hal_rcc_ex.o
 .debug_ranges  0x00000000000007b8      0x248 ./Drivers/STM32F3xx_HAL_Driver/Src/stm32f3xx_hal_uart.o

.debug_macro    0x0000000000000000    0x1ff52
 .debug_macro   0x0000000000000000      0x2b6 ./Core/Src/main.o
 .debug_macro   0x00000000000002b6      0xa78 ./Core/Src/main.o
 .debug_macro   0x0000000000000d2e      0x157 ./Core/Src/main.o
 .debug_macro   0x0000000000000e85       0x2e ./Core/Src/main.o
 .debug_macro   0x0000000000000eb3       0x28 ./Core/Src/main.o
 .debug_macro   0x0000000000000edb       0x22 ./Core/Src/main.o
 .debug_macro   0x0000000000000efd       0x8e ./Core/Src/main.o
 .debug_macro   0x0000000000000f8b       0x51 ./Core/Src/main.o
 .debug_macro   0x0000000000000fdc      0x103 ./Core/Src/main.o
 .debug_macro   0x00000000000010df       0x6a ./Core/Src/main.o
 .debug_macro   0x0000000000001149      0x1df ./Core/Src/main.o
 .debug_macro   0x0000000000001328       0x1c ./Core/Src/main.o
 .debug_macro   0x0000000000001344       0x22 ./Core/Src/main.o
 .debug_macro   0x0000000000001366       0xd9 ./Core/Src/main.o
 .debug_macro   0x000000000000143f     0x102d ./Core/Src/main.o
 .debug_macro   0x000000000000246c      0x11f ./Core/Src/main.o
 .debug_macro   0x000000000000258b    0x1535a ./Core/Src/main.o
 .debug_macro   0x00000000000178e5       0x6d ./Core/Src/main.o
 .debug_macro   0x0000000000017952     0x3540 ./Core/Src/main.o
 .debug_macro   0x000000000001ae92      0x174 ./Core/Src/main.o
 .debug_macro   0x000000000001b006       0x55 ./Core/Src/main.o
 .debug_macro   0x000000000001b05b      0x954 ./Core/Src/main.o
 .debug_macro   0x000000000001b9af      0x84a ./Core/Src/main.o
 .debug_macro   0x000000000001c1f9      0x1b6 ./Core/Src/main.o
 .debug_macro   0x000000000001c3af      0x23a ./Core/Src/main.o
 .debug_macro   0x000000000001c5e9      0x1ea ./Core/Src/main.o
 .debug_macro   0x000000000001c7d3      0x1bc ./Core/Src/main.o
 .debug_macro   0x000000000001c98f       0x30 ./Core/Src/main.o
 .debug_macro   0x000000000001c9bf       0x3c ./Core/Src/main.o
 .debug_macro   0x000000000001c9fb      0x236 ./Core/Src/main.o
 .debug_macro   0x000000000001cc31      0x408 ./Core/Src/main.o
 .debug_macro   0x000000000001d039       0xc5 ./Core/Src/main.o
 .debug_macro   0x000000000001d0fe      0x21d ./Core/Src/main.o
 .debug_macro   0x000000000001d31b      0x22c ./Core/Src/main.o
 .debug_macro   0x000000000001d547       0x5b ./Core/Src/main.o
 .debug_macro   0x000000000001d5a2       0xa5 ./Core/Src/main.o
 .debug_macro   0x000000000001d647       0x81 ./Core/Src/main.o
 .debug_macro   0x000000000001d6c8       0xd3 ./Core/Src/main.o
 .debug_macro   0x000000000001d79b      0x5a5 ./Core/Src/main.o
 .debug_macro   0x000000000001dd40       0x44 ./Core/Src/main.o
 .debug_macro   0x000000000001dd84      0x347 ./Core/Src/main.o
 .debug_macro   0x000000000001e0cb       0x58 ./Core/Src/main.o
 .debug_macro   0x000000000001e123       0x52 ./Core/Src/main.o
 .debug_macro   0x000000000001e175       0x1e ./Core/Src/main.o
 .debug_macro   0x000000000001e193       0x3c ./Core/Src/main.o
 .debug_macro   0x000000000001e1cf       0x34 ./Core/Src/main.o
 .debug_macro   0x000000000001e203       0x16 ./Core/Src/main.o
 .debug_macro   0x000000000001e219       0x43 ./Core/Src/main.o
 .debug_macro   0x000000000001e25c       0x34 ./Core/Src/main.o
 .debug_macro   0x000000000001e290       0x10 ./Core/Src/main.o
 .debug_macro   0x000000000001e2a0       0x58 ./Core/Src/main.o
 .debug_macro   0x000000000001e2f8       0x71 ./Core/Src/main.o
 .debug_macro   0x000000000001e369       0x1c ./Core/Src/main.o
 .debug_macro   0x000000000001e385      0x12a ./Core/Src/main.o
 .debug_macro   0x000000000001e4af      0x341 ./Core/Src/main.o
 .debug_macro   0x000000000001e7f0       0x10 ./Core/Src/main.o
 .debug_macro   0x000000000001e800       0x35 ./Core/Src/main.o
 .debug_macro   0x000000000001e835       0x20 ./Core/Src/main.o
 .debug_macro   0x000000000001e855      0x1dc ./Core/Src/stm32f3xx_hal_msp.o
 .debug_macro   0x000000000001ea31      0x1e6 ./Core/Src/stm32f3xx_it.o
 .debug_macro   0x000000000001ec17      0x1cd ./Core/Src/system_stm32f3xx.o
 .debug_macro   0x000000000001ede4      0x1f1 ./Drivers/STM32F3xx_HAL_Driver/Src/stm32f3xx_hal.o
 .debug_macro   0x000000000001efd5      0x1d5 ./Drivers/STM32F3xx_HAL_Driver/Src/stm32f3xx_hal_can.o
 .debug_macro   0x000000000001f1aa      0x1cd ./Drivers/STM32F3xx_HAL_Driver/Src/stm32f3xx_hal_cortex.o
 .debug_macro   0x000000000001f377      0x1d4 ./Drivers/STM32F3xx_HAL_Driver/Src/stm32f3xx_hal_gpio.o
 .debug_macro   0x000000000001f54b      0x292 ./Drivers/STM32F3xx_HAL_Driver/Src/stm32f3xx_hal_i2c.o
 .debug_macro   0x000000000001f7dd      0x1cd ./Drivers/STM32F3xx_HAL_Driver/Src/stm32f3xx_hal_i2c_ex.o
 .debug_macro   0x000000000001f9aa      0x1f1 ./Drivers/STM32F3xx_HAL_Driver/Src/stm32f3xx_hal_rcc.o
 .debug_macro   0x000000000001fb9b      0x1cd ./Drivers/STM32F3xx_HAL_Driver/Src/stm32f3xx_hal_rcc_ex.o
 .debug_macro   0x000000000001fd68      0x1ea ./Drivers/STM32F3xx_HAL_Driver/Src/stm32f3xx_hal_uart.o

.debug_line     0x0000000000000000     0xe38a
 .debug_line    0x0000000000000000      0xc01 ./Core/Src/main.o
 .debug_line    0x0000000000000c01      0x7c9 ./Core/Src/stm32f3xx_hal_msp.o
 .debug_line    0x00000000000013ca      0x7a7 ./Core/Src/stm32f3xx_it.o
 .debug_line    0x0000000000001b71      0x748 ./Core/Src/system_stm32f3xx.o
 .debug_line    0x00000000000022b9       0x88 ./Core/Startup/startup_stm32f303retx.o
 .debug_line    0x0000000000002341      0x978 ./Drivers/STM32F3xx_HAL_Driver/Src/stm32f3xx_hal.o
 .debug_line    0x0000000000002cb9     0x1117 ./Drivers/STM32F3xx_HAL_Driver/Src/stm32f3xx_hal_can.o
 .debug_line    0x0000000000003dd0      0xc3d ./Drivers/STM32F3xx_HAL_Driver/Src/stm32f3xx_hal_cortex.o
 .debug_line    0x0000000000004a0d      0xb01 ./Drivers/STM32F3xx_HAL_Driver/Src/stm32f3xx_hal_gpio.o
 .debug_line    0x000000000000550e     0x3287 ./Drivers/STM32F3xx_HAL_Driver/Src/stm32f3xx_hal_i2c.o
 .debug_line    0x0000000000008795      0x8ea ./Drivers/STM32F3xx_HAL_Driver/Src/stm32f3xx_hal_i2c_ex.o
 .debug_line    0x000000000000907f     0x136d ./Drivers/STM32F3xx_HAL_Driver/Src/stm32f3xx_hal_rcc.o
 .debug_line    0x000000000000a3ec      0xe94 ./Drivers/STM32F3xx_HAL_Driver/Src/stm32f3xx_hal_rcc_ex.o
 .debug_line    0x000000000000b280     0x310a ./Drivers/STM32F3xx_HAL_Driver/Src/stm32f3xx_hal_uart.o

.debug_str      0x0000000000000000    0xc287c
 .debug_str     0x0000000000000000    0xbfba7 ./Core/Src/main.o
                                      0xc0393 (size before relaxing)
 .debug_str     0x00000000000bfba7      0x479 ./Core/Src/stm32f3xx_hal_msp.o
                                      0xbd40f (size before relaxing)
 .debug_str     0x00000000000c0020       0xdc ./Core/Src/stm32f3xx_it.o
                                      0xbc7e6 (size before relaxing)
 .debug_str     0x00000000000c00fc       0xdf ./Core/Src/system_stm32f3xx.o
                                      0xbc46f (size before relaxing)
 .debug_str     0x00000000000c01db       0x36 ./Core/Startup/startup_stm32f303retx.o
                                         0x74 (size before relaxing)
 .debug_str     0x00000000000c0211      0x37a ./Drivers/STM32F3xx_HAL_Driver/Src/stm32f3xx_hal.o
                                      0xbcd18 (size before relaxing)
 .debug_str     0x00000000000c058b      0x3cb ./Drivers/STM32F3xx_HAL_Driver/Src/stm32f3xx_hal_can.o
                                      0xbcbf6 (size before relaxing)
 .debug_str     0x00000000000c0956      0x327 ./Drivers/STM32F3xx_HAL_Driver/Src/stm32f3xx_hal_cortex.o
                                      0xbcd6a (size before relaxing)
 .debug_str     0x00000000000c0c7d      0x185 ./Drivers/STM32F3xx_HAL_Driver/Src/stm32f3xx_hal_gpio.o
                                      0xbc654 (size before relaxing)
 .debug_str     0x00000000000c0e02      0xdd7 ./Drivers/STM32F3xx_HAL_Driver/Src/stm32f3xx_hal_i2c.o
                                      0xbd6d8 (size before relaxing)
 .debug_str     0x00000000000c1bd9       0xb8 ./Drivers/STM32F3xx_HAL_Driver/Src/stm32f3xx_hal_i2c_ex.o
                                      0xbca06 (size before relaxing)
 .debug_str     0x00000000000c1c91      0x2c4 ./Drivers/STM32F3xx_HAL_Driver/Src/stm32f3xx_hal_rcc.o
                                      0xbc913 (size before relaxing)
 .debug_str     0x00000000000c1f55       0xbe ./Drivers/STM32F3xx_HAL_Driver/Src/stm32f3xx_hal_rcc_ex.o
                                      0xbc75d (size before relaxing)
 .debug_str     0x00000000000c2013      0x869 ./Drivers/STM32F3xx_HAL_Driver/Src/stm32f3xx_hal_uart.o
                                      0xbd16a (size before relaxing)

.comment        0x0000000000000000       0x50
 .comment       0x0000000000000000       0x50 ./Core/Src/main.o
                                         0x51 (size before relaxing)
 .comment       0x0000000000000050       0x51 ./Core/Src/stm32f3xx_hal_msp.o
 .comment       0x0000000000000050       0x51 ./Core/Src/stm32f3xx_it.o
 .comment       0x0000000000000050       0x51 ./Core/Src/system_stm32f3xx.o
 .comment       0x0000000000000050       0x51 ./Drivers/STM32F3xx_HAL_Driver/Src/stm32f3xx_hal.o
 .comment       0x0000000000000050       0x51 ./Drivers/STM32F3xx_HAL_Driver/Src/stm32f3xx_hal_can.o
 .comment       0x0000000000000050       0x51 ./Drivers/STM32F3xx_HAL_Driver/Src/stm32f3xx_hal_cortex.o
 .comment       0x0000000000000050       0x51 ./Drivers/STM32F3xx_HAL_Driver/Src/stm32f3xx_hal_gpio.o
 .comment       0x0000000000000050       0x51 ./Drivers/STM32F3xx_HAL_Driver/Src/stm32f3xx_hal_i2c.o
 .comment       0x0000000000000050       0x51 ./Drivers/STM32F3xx_HAL_Driver/Src/stm32f3xx_hal_i2c_ex.o
 .comment       0x0000000000000050       0x51 ./Drivers/STM32F3xx_HAL_Driver/Src/stm32f3xx_hal_rcc.o
 .comment       0x0000000000000050       0x51 ./Drivers/STM32F3xx_HAL_Driver/Src/stm32f3xx_hal_rcc_ex.o
 .comment       0x0000000000000050       0x51 ./Drivers/STM32F3xx_HAL_Driver/Src/stm32f3xx_hal_uart.o

.debug_frame    0x0000000000000000     0x2c3c
 .debug_frame   0x0000000000000000      0x11c ./Core/Src/main.o
 .debug_frame   0x000000000000011c      0x10c ./Core/Src/stm32f3xx_hal_msp.o
 .debug_frame   0x0000000000000228      0x120 ./Core/Src/stm32f3xx_it.o
 .debug_frame   0x0000000000000348       0x58 ./Core/Src/system_stm32f3xx.o
 .debug_frame   0x00000000000003a0      0x334 ./Drivers/STM32F3xx_HAL_Driver/Src/stm32f3xx_hal.o
 .debug_frame   0x00000000000006d4      0x5a0 ./Drivers/STM32F3xx_HAL_Driver/Src/stm32f3xx_hal_can.o
 .debug_frame   0x0000000000000c74      0x498 ./Drivers/STM32F3xx_HAL_Driver/Src/stm32f3xx_hal_cortex.o
 .debug_frame   0x000000000000110c      0x14c ./Drivers/STM32F3xx_HAL_Driver/Src/stm32f3xx_hal_gpio.o
 .debug_frame   0x0000000000001258      0xbe8 ./Drivers/STM32F3xx_HAL_Driver/Src/stm32f3xx_hal_i2c.o
 .debug_frame   0x0000000000001e40      0x100 ./Drivers/STM32F3xx_HAL_Driver/Src/stm32f3xx_hal_i2c_ex.o
 .debug_frame   0x0000000000001f40      0x214 ./Drivers/STM32F3xx_HAL_Driver/Src/stm32f3xx_hal_rcc.o
 .debug_frame   0x0000000000002154       0xb4 ./Drivers/STM32F3xx_HAL_Driver/Src/stm32f3xx_hal_rcc_ex.o
 .debug_frame   0x0000000000002208      0x9e8 ./Drivers/STM32F3xx_HAL_Driver/Src/stm32f3xx_hal_uart.o
 .debug_frame   0x0000000000002bf0       0x2c c:/st/stm32cubeide_1.10.1/stm32cubeide/plugins/com.st.stm32cube.ide.mcu.externaltools.gnu-tools-for-stm32.10.3-2021.10.win32_1.0.0.202111181127/tools/bin/../lib/gcc/arm-none-eabi/10.3.1/../../../../arm-none-eabi/lib/thumb/v7e-m+fp/hard\libc_nano.a(lib_a-init.o)
 .debug_frame   0x0000000000002c1c       0x20 c:/st/stm32cubeide_1.10.1/stm32cubeide/plugins/com.st.stm32cube.ide.mcu.externaltools.gnu-tools-for-stm32.10.3-2021.10.win32_1.0.0.202111181127/tools/bin/../lib/gcc/arm-none-eabi/10.3.1/../../../../arm-none-eabi/lib/thumb/v7e-m+fp/hard\libc_nano.a(lib_a-memset.o)
